0 0 0 0 0 5 9 12 14
P 9
S 8 9
P 9
S 7 9
P 8
S 9 8
P 8
S 6 8
P 9
S 8 9
P 7
S 9 7
P 7
S 5 7
P 9
S 7 9
P 8
S 9 8
P 6
S 8 6
P 6
P 8
P 9
P 7
P 1
